[2026-05-04 23:45:22.962] [jointLog] [info] setting maxHashResizeThreads to 8
[2026-05-04 23:45:22.962] [jointLog] [info] Fragment incompatibility prior below threshold.  Incompatible fragments will be ignored.
[2026-05-04 23:45:22.962] [jointLog] [info] Setting consensusSlack to selective-alignment default of 0.35.
[2026-05-04 23:45:22.962] [jointLog] [info] parsing read library format
[2026-05-04 23:45:22.962] [jointLog] [info] There is 1 library.
[2026-05-04 23:45:22.964] [jointLog] [info] Loading pufferfish index
[2026-05-04 23:45:22.965] [jointLog] [info] Loading pufferfish index.
[2026-05-04 23:45:24.979] [jointLog] [info] done
[2026-05-04 23:45:25.216] [jointLog] [info] Index contained 517038 targets
[2026-05-04 23:46:00.300] [jointLog] [info] Number of decoys : 0
[2026-05-04 23:47:15.982] [jointLog] [info] Automatically detected most likely library type as IU

[2026-05-04 23:57:56.995] [jointLog] [info] Computed 396,432 rich equivalence classes for further processing
[2026-05-04 23:57:56.996] [jointLog] [info] Counted 22,182,097 total reads in the equivalence classes 
[2026-05-04 23:57:56.999] [fileLog] [info] 
At end of round 0
==================
Observed 23790180 total fragments (23790180 in most recent round)

[2026-05-04 23:57:57.018] [jointLog] [info] Number of mappings discarded because of alignment score : 47,302,472
[2026-05-04 23:57:57.018] [jointLog] [info] Number of fragments entirely discarded because of alignment score : 927,584
[2026-05-04 23:57:57.018] [jointLog] [info] Number of fragments discarded because they are best-mapped to decoys : 0
[2026-05-04 23:57:57.018] [jointLog] [info] Number of fragments discarded because they have only dovetail (discordant) mappings to valid targets : 169,008
[2026-05-04 23:57:57.019] [jointLog] [info] Mapping rate = 93.2406%
[2026-05-04 23:57:57.020] [jointLog] [info] finished quantifyLibrary()
[2026-05-04 23:57:57.048] [jointLog] [info] Starting optimizer
[2026-05-04 23:58:03.897] [jointLog] [info] Marked 0 weighted equivalence classes as degenerate
[2026-05-04 23:58:03.946] [jointLog] [info] iteration = 0 | max rel diff. = 2385.5516460772947
[2026-05-04 23:58:04.301] [jointLog] [info] iteration 11, adjusting effective lengths to account for biases
[2026-05-04 23:59:30.450] [jointLog] [info] Computed expected counts (for bias correction)
[2026-05-04 23:59:30.453] [jointLog] [info] processed bias for 0.0% of the transcripts
[2026-05-04 23:59:38.598] [jointLog] [info] processed bias for 10.0% of the transcripts
[2026-05-04 23:59:45.223] [jointLog] [info] processed bias for 20.0% of the transcripts
[2026-05-04 23:59:51.479] [jointLog] [info] processed bias for 30.0% of the transcripts
[2026-05-04 23:59:58.830] [jointLog] [info] processed bias for 40.0% of the transcripts
[2026-05-05 00:00:07.888] [jointLog] [info] processed bias for 50.0% of the transcripts
[2026-05-05 00:00:17.677] [jointLog] [info] processed bias for 60.0% of the transcripts
[2026-05-05 00:00:25.178] [jointLog] [info] processed bias for 70.0% of the transcripts
[2026-05-05 00:00:31.447] [jointLog] [info] processed bias for 80.0% of the transcripts
[2026-05-05 00:00:39.279] [jointLog] [info] processed bias for 90.0% of the transcripts
[2026-05-05 00:00:49.399] [jointLog] [info] processed bias for 100.0% of the transcripts
[2026-05-05 00:00:49.401] [jointLog] [info] processed bias for 100.0% of the transcripts
[2026-05-05 00:00:55.079] [jointLog] [info] iteration = 100 | max rel diff. = 20.87828758850563
[2026-05-05 00:00:58.543] [jointLog] [info] iteration = 200 | max rel diff. = 12.87202764729472
[2026-05-05 00:01:02.061] [jointLog] [info] iteration = 300 | max rel diff. = 1.811312420805335
[2026-05-05 00:01:05.477] [jointLog] [info] iteration = 400 | max rel diff. = 1.875330385967973
[2026-05-05 00:01:08.793] [jointLog] [info] iteration = 500 | max rel diff. = 8.04123044877409
[2026-05-05 00:01:12.235] [jointLog] [info] iteration = 600 | max rel diff. = 0.49567896172553283
[2026-05-05 00:01:16.816] [jointLog] [info] iteration = 700 | max rel diff. = 1.3414541386959753
[2026-05-05 00:01:20.624] [jointLog] [info] iteration = 800 | max rel diff. = 4.456851494378233
[2026-05-05 00:01:23.749] [jointLog] [info] iteration = 900 | max rel diff. = 0.8187425267092848
[2026-05-05 00:01:27.093] [jointLog] [info] iteration = 1000 | max rel diff. = 0.09512000331792787
[2026-05-05 00:01:30.422] [jointLog] [info] iteration = 1100 | max rel diff. = 13.212720550082823
[2026-05-05 00:01:33.645] [jointLog] [info] iteration = 1200 | max rel diff. = 0.24255473526394528
[2026-05-05 00:01:36.948] [jointLog] [info] iteration = 1300 | max rel diff. = 6.490272316266014
[2026-05-05 00:01:40.103] [jointLog] [info] iteration = 1400 | max rel diff. = 7.727679701821369
[2026-05-05 00:01:43.145] [jointLog] [info] iteration = 1500 | max rel diff. = 0.3035520376808071
[2026-05-05 00:01:47.536] [jointLog] [info] iteration = 1600 | max rel diff. = 0.49262622046805454
[2026-05-05 00:01:50.339] [jointLog] [info] iteration = 1690 | max rel diff. = 0.006743050148410711
[2026-05-05 00:01:51.023] [jointLog] [info] Finished optimizer
[2026-05-05 00:01:51.023] [jointLog] [info] writing output 

